
> stockspot@2.0.0 test:notifications
> cross-env DRY_RUN=true node tests/notification-test.js

[34mStockSpot Notification System - Test Suite[0m

Environment: test
Mode: DRY_RUN


[36m============================================================[0m
[36m≡ƒöä Tier Filtering Tests[0m
[36m============================================================[0m

≡ƒôí Initializing Multi-Retailer Feed System...

≡ƒöä Feed Status:
  Γ£à Amazon Deals & Restocks (5min interval)
  ΓÅ¡∩╕Å Walmart Limited & Hype Items (10min interval)
  ΓÅ¡∩╕Å Target Limited & Hype Items (10min interval)
  ΓÅ¡∩╕Å Best Buy Limited & Hype Items (10min interval)
  Γ£à Trading Card Game Drops (15min interval)
  Γ£à Sports Card Drops (15min interval)
  ΓÅ¡∩╕Å Email Notification Feed (30min interval)
  ΓÅ¡∩╕Å RSS Feed Generation (5min interval)

node.exe : ΓÜá∩╕Å No valid email provider 
configured, using dry-run mode
At line:1 char:1
+ & "C:\Program Files\nodejs/node.exe" 
"C:\Users\Effin\AppData\Roaming\ ...
+ ~~~~~~~~~~~~~~~~~~~~~~~~~~~~~~~~~~~~~~~~~~
~~~~~~~~~~~~~~~~~~~~~~~~~~~
    + CategoryInfo          : NotSpecified: 
    (ΓÜá∩╕Å No valid...ng dry-run mode:Str  
  ing) [], RemoteException
    + FullyQualifiedErrorId : NativeCommand 
   Error
 
[32mΓ£à[0m FREE tier: Amazon items are instant
   [33mFound 1 Amazon items with instant notification[0m
[32mΓ£à[0m FREE tier: Non-Amazon items are delayed
   [33mFound 4 non-Amazon items with 10-min delay[0m
[32mΓ£à[0m PAID tier: All items are instant
   [33mAll 5 items have instant notification[0m
[32mΓ£à[0m YEARLY tier: All items are instant
   [33mAll 5 items available for yearly user[0m

[36m============================================================[0m
[36m≡ƒôº Email Provider Tests[0m
[36m============================================================[0m

ΓÜá∩╕Å No valid email provider configured, 
using dry-run mode
[32mΓ£à[0m HTML email generation
   [33mHTML email contains product information[0m
[32mΓ£à[0m Plain text email generation
   [33mPlain text email contains product information[0m


≡ƒôº [DRY-RUN] Email would be sent to: test@example.com
   Subject: ≡ƒÄë 1 New Deal - StockSpot
   Items: 1
     ΓÇó Test Product (Amazon) - $99.99 (50% off)
[32mΓ£à[0m Dry-run email execution
   [33mDry-run email can execute without provider[0m

[36m============================================================[0m
[36m≡ƒôí RSS Feed Manager Tests[0m
[36m============================================================[0m

[32mΓ£à[0m RSS feed generation
   [33mGenerated valid XML structure[0m
[32mΓ£à[0m RSS feed contains items
   [33mRSS feed includes all items[0m
[32mΓ£à[0m Public RSS feed generation
   [33mGenerated valid public feed XML[0m
[32mΓ£à[0m RSS feed URL generation
   [33mGenerated URL: https://stockspot.com/feeds/user-test-user.xml[0m

[36m============================================================[0m
[36m≡ƒô¼ Notification Queue Tests (Dry-Run)[0m
[36m============================================================[0m

[32mΓ£à[0m Queue: Enqueue notification
   [33mRunning in DRY_RUN mode[0m
[32mΓ£à[0m Queue: Statistics retrieval
   [33mQueue statistics available in dry-run mode[0m
[32mΓ£à[0m Queue: Cleanup functionality
   [33mQueue cleanup logic available[0m

[36m============================================================[0m
[36m≡ƒöù NotificationManager Integration Tests[0m
[36m============================================================[0m

≡ƒôí Initializing Multi-Retailer Feed System...

≡ƒöä Feed Status:
  Γ£à Amazon Deals & Restocks (5min interval)
  ΓÅ¡∩╕Å Walmart Limited & Hype Items (10min interval)
  ΓÅ¡∩╕Å Target Limited & Hype Items (10min interval)
  ΓÅ¡∩╕Å Best Buy Limited & Hype Items (10min interval)
  Γ£à Trading Card Game Drops (15min interval)
  Γ£à Sports Card Drops (15min interval)
  ΓÅ¡∩╕Å Email Notification Feed (30min interval)
  ΓÅ¡∩╕Å RSS Feed Generation (5min interval)

ΓÜá∩╕Å No valid email provider configured, 
using dry-run mode
Processing notifications for test users...


≡ƒô¼ Processing notifications for all users...
  ≡ƒôº [DRY-RUN] Would send email to free@example.com with 1 items
(node:19276) [MONGOOSE] Warning: Duplicate 
schema index on {"deduplicationKey":1} 
found. This is often due to declaring an 
index using both "index: true" and 
"schema.index()". Please remove the 
duplicate index definition.
(Use `node --trace-warnings ...` to show 
where the warning was created)
  ≡ƒôº [DRY-RUN] Would send email to paid@example.com with 5 items
[32mΓ£à[0m Process all feeds
   [33mSuccessfully processed 2 users[0m
[32mΓ£à[0m Tier-based filtering applied
   [33mProcessed 2 users with tier filtering[0m
[32mΓ£à[0m Statistics collection
   [33mProcessed 6 items, sent 6 emails, 2 RSS updates[0m

[36m============================================================[0m
[36m≡ƒôè Test Summary[0m
[36m============================================================[0m

[32mΓ£à Passed: 17[0m
[31mΓ¥î Failed: 0[0m
[36mTotal: 17[0m

[36mSuccess Rate: 100.0%[0m

[32m≡ƒÄë All tests passed! Ready for production.[0m

